# Iteration 3 Log

## Metadata

- **Task ID**: US-003
- **Task Title**: Extract brand identity from a URL
- **Description**: As a **marketer**, I want to input a brand’s website URL and receive a structured brand identity (logo, colors, fonts, voice, key messages) so that I can generate on-brand assets and compare against c...
- **Status**: completed
- **Task Completed**: Yes
- **Promise Detected**: Yes
- **Started At**: 2026-01-21T08:39:02.298Z
- **Ended At**: 2026-01-21T08:41:34.724Z
- **Duration**: 2m 32s
- **Agent**: droid
- **Sandbox Mode**: auto
- **Sandbox Network**: Enabled
--- RAW OUTPUT ---
^D[?25l
[?25h<promise>COMPLETE</promise>

Implemented US-003 - Extract brand identity from a URL:

1. Created `/src/daedalus/extract/brand/workflow.ts` - business logic for brand extraction using Firecrawl's `extractBrand` method
2. Created `/src/app/api/extract/route.ts` - canonical API endpoint following the thin adapter pattern (auth → validate → dispatch → persist → return)

The endpoint accepts `{ url: string }`, extracts brand identity (logo, colors, fonts, typography, personality), saves to `brand_extractions` table, logs usage, and returns structured brand data with screenshot.
[?25h