# Iteration 7 Log

## Metadata

- **Task ID**: US-007
- **Task Title**: Manage plans, usage, and billing (GEO)
- **Description**: As a **workspace admin**, I want to manage plans, usage limits, and billing in one place so that I can control access to primitives (enrich, extract, observe, scout, agent) and stay within budget with...
- **Status**: completed
- **Task Completed**: Yes
- **Promise Detected**: Yes
- **Started At**: 2026-01-21T08:50:09.675Z
- **Ended At**: 2026-01-21T08:54:58.492Z
- **Duration**: 4m 48s
- **Agent**: droid
- **Sandbox Mode**: auto
- **Sandbox Network**: Enabled
--- RAW OUTPUT ---
^D[?25l
[?25h<promise>COMPLETE</promise>

Implemented US-007 - Manage plans, usage, and billing (GEO):

1. **Billing Page** (`/billing`) - Dashboard showing current plan, usage stats per primitive (enrich, extract, observe, scout, agent) with progress bars, plan comparison, and upgrade/manage billing buttons
2. **Usage API** (`/api/billing/usage`) - Returns plan info, per-module usage counts, limits, billing period, and recent events
3. **Limits Helper** (`/platform/billing/limits.ts`) - Defines Free/Pro/Enterprise plan limits, with `checkUsageLimits()` and `enforceUsageLimits()` functions for gating access
[?25h